[2026-07-20 09:35:26] Selected distro: arch
[2026-07-20 09:35:26] Step: Graphics Card
[2026-07-20 09:36:11] Selected graphics: amd
[2026-07-20 09:36:11] Step: Package Groups
[2026-07-20 09:36:42] Selected distro: arch
[2026-07-20 09:36:42] Step: Graphics Card
[2026-07-20 09:36:43] Selected graphics: amd
[2026-07-20 09:36:43] Step: Package Groups
[2026-07-20 09:40:39] Step: Graphics Card
[2026-07-20 09:40:50] Selected distro: arch
[2026-07-20 09:40:50] Step: Graphics Card
[2026-07-20 09:40:53] Selected graphics: amd
[2026-07-20 09:40:53] Step: Package Groups
[2026-07-20 09:43:00] Step: Dotfiles
[2026-07-20 09:43:01] Step: Services
[2026-07-20 09:43:01] Step: Review & Install
[2026-07-20 09:43:47] Selected distro: arch
[2026-07-20 09:43:47] Step: Graphics Card
[2026-07-20 09:43:49] Selected graphics: amd
[2026-07-20 09:43:49] Step: Package Groups
[2026-07-20 09:44:52] Selected distro: arch
[2026-07-20 09:44:52] Step: Graphics Card
[2026-07-20 09:44:54] Selected graphics: amd
[2026-07-20 09:44:54] Step: Package Groups
[2026-07-20 09:48:11] ERROR: Installation failed at line 817 (exit code: 127)
[2026-07-20 09:48:11] ERROR: Check /home/hyprtk/Projects/AI-Projects/Hyprtk-On-Arch/install.log for details
[2026-07-20 09:48:40] Selected distro: arch
[2026-07-20 09:48:40] Step: Graphics Card
[2026-07-20 09:48:42] Selected graphics: amd
[2026-07-20 09:48:42] Step: Package Groups
[2026-07-20 09:51:18] Selected package groups: Hyprland XFCE4 File Tools Web Tools Printers Network Media Terminal Tools System Tools System HyprViz SDDM Check SDDM Grub Matuwall Fonts Wallpapers Bluetooth Cockpit Samba Pywal16
[2026-07-20 09:51:18] Step: Dotfiles
[2026-07-20 09:51:23] Selected dotfiles: alacritty btop dunst ranger rofi starship vim nvim wal gtk-3.0 gtk-4.0 themes icons xfce4 Thunar Mousepad hypr fastfetch waybar swaylock swappy hyprlogout waypaper zshrc ohmyposh matuwall wob
[2026-07-20 09:51:23] Step: Services
[2026-07-20 09:51:27] Selected services: Cockpit Samba
[2026-07-20 09:51:27] Step: Review & Install
